[2025-10-08T00:13:10.805Z] ✅ BUY opened @ 0 | 🎯 TP: 0.00 | 🛑 SL: 0.00
[2025-10-08T16:20:21.552Z] ✅ BUY opened @ 4457.63 | 🎯 TP: 4546.78 | 🛑 SL: 4413.05
[2025-10-08T18:00:24.710Z] ✅ SELL opened @ 4539.81 | 🎯 TP: 4449.01 | 🛑 SL: 4585.21
[2025-10-08T19:43:27.620Z] ✅ BUY opened @ 4515.33 | 🎯 TP: 4605.64 | 🛑 SL: 4470.18
[2025-10-09T00:41:07.267Z] ✅ SELL opened @ 4513.36 | 🎯 TP: 4423.09 | 🛑 SL: 4558.49
[2025-10-09T09:53:24.873Z] ✅ SELL opened @ 4343.37 | 🎯 TP: 4256.50 | 🛑 SL: 4386.80
[2025-10-09T10:44:51.784Z] ✅ BUY opened @ 4348.82 | 🎯 TP: 4435.80 | 🛑 SL: 4305.33
[2025-10-09T15:08:18.771Z] ✅ BUY opened @ 4348.53 | 🎯 TP: 4435.50 | 🛑 SL: 4305.04
[2025-10-09T18:36:35.584Z] ✅ SELL opened @ 4314.72 | 🎯 TP: 4228.43 | 🛑 SL: 4357.87
[2025-10-09T19:16:32.917Z] ✅ BUY opened @ 4315.63 | 🎯 TP: 4401.94 | 🛑 SL: 4272.47
[2025-10-09T20:50:30.996Z] ✅ BUY opened @ 4328.156666667 | 🎯 TP: 4414.72 | 🛑 SL: 4284.88
[2025-10-09T23:15:05.688Z] ✅ SELL opened @ 4328.156666667 | 🎯 TP: 4241.59 | 🛑 SL: 4371.44
[2025-10-09T23:59:40.614Z] ✅ BUY opened @ 4364.85 | 🎯 TP: 4452.15 | 🛑 SL: 4321.20
[2025-10-10T09:30:20.804Z] ✅ BUY opened @ 4344.2 | 🎯 TP: 4431.08 | 🛑 SL: 4300.76
[2025-10-10T11:30:20.905Z] ✅ SELL opened @ 4333.78 | 🎯 TP: 4247.10 | 🛑 SL: 4377.12
[2025-10-10T12:32:25.856Z] ✅ SELL opened @ 4340.24 | 🎯 TP: 4253.44 | 🛑 SL: 4383.64
[2025-10-10T13:02:28.256Z] ✅ BUY opened @ 4351.61 | 🎯 TP: 4438.64 | 🛑 SL: 4308.09
[2025-10-10T20:00:08.008Z] ✅ BUY opened @ 3996 | 🎯 TP: 4075.92 | 🛑 SL: 3956.04
[2025-10-10T20:38:14.408Z] ✅ BUY opened @ 4011.28 | 🎯 TP: 4091.51 | 🛑 SL: 3971.17
[2025-10-10T20:53:12.086Z] ✅ SELL opened @ 3917.76 | 🎯 TP: 3839.40 | 🛑 SL: 3956.94
[2025-10-10T21:47:11.768Z] ✅ BUY opened @ 3843.13 | 🎯 TP: 3919.99 | 🛑 SL: 3804.70
[2025-10-10T22:32:15.747Z] ✅ SELL opened @ 3862 | 🎯 TP: 3784.76 | 🛑 SL: 3900.62
[2025-10-11T00:59:44.355Z] ✅ BUY opened @ 3831.76 | 🎯 TP: 3908.40 | 🛑 SL: 3793.44
[2025-10-11T09:50:26.550Z] ✅ SELL opened @ 3825.36 | 🎯 TP: 3748.85 | 🛑 SL: 3863.61
[2025-10-11T20:19:15.761Z] ✅ BUY opened @ 3738.14 | 🎯 TP: 3812.90 | 🛑 SL: 3700.76
[2025-10-11T23:15:14.865Z] ✅ SELL opened @ 3737.38 | 🎯 TP: 3662.63 | 🛑 SL: 3774.75
[2025-10-12T00:50:15.618Z] ✅ BUY opened @ 3721.58 | 🎯 TP: 3796.01 | 🛑 SL: 3684.36
[2025-10-12T02:15:13.340Z] ✅ SELL opened @ 3713.16 | 🎯 TP: 3638.90 | 🛑 SL: 3750.29
[2025-10-13T04:51:19.020Z] ✅ BUY opened @ 4132.57 | 🎯 TP: 4215.22 | 🛑 SL: 4091.24
[2025-10-13T05:51:21.810Z] ✅ SELL opened @ 4129.99 | 🎯 TP: 4047.39 | 🛑 SL: 4171.29
[2025-10-13T14:25:05.599Z] ✅ SELL opened @ 4119.6 | 🎯 TP: 4037.21 | 🛑 SL: 4160.80
[2025-10-14T00:56:57.118Z] ✅ SELL opened @ 4236.45 | 🎯 TP: 4172.90 | 🛑 SL: 4257.63
[2025-10-14T03:46:56.988Z] ✅ BUY opened @ 4160.14 | 🎯 TP: 4222.54 | 🛑 SL: 4139.34
[2025-10-14T04:11:59.336Z] ✅ SELL opened @ 4144.1 | 🎯 TP: 4081.94 | 🛑 SL: 4164.82
[2025-10-14T12:51:19.424Z] ✅ SELL opened @ 3942.22 | 🎯 TP: 3883.09 | 🛑 SL: 3961.93
[2025-10-14T18:33:20.282Z] ✅ SELL opened @ 4123.45 | 🎯 TP: 4020.36 | 🛑 SL: 4185.30
[2025-10-14T19:05:43.882Z] ✅ BUY opened @ 4124.01 | 🎯 TP: 4227.11 | 🛑 SL: 4062.15
[2025-10-15T07:17:13.145Z] ✅ BUY opened @ 4117.46 | 🎯 TP: 4220.40 | 🛑 SL: 4055.70
[2025-10-15T07:17:37.420Z] ✅ BUY opened @ 4119.168 | 🎯 TP: 4222.15 | 🛑 SL: 4057.38
[2025-10-15T07:18:08.291Z] ✅ BUY opened @ 4119.168 | 🎯 TP: 4222.15 | 🛑 SL: 4057.38
[2025-10-15T20:02:30.690Z] ✅ SELL opened @ 3989.59 | 🎯 TP: 3889.85 | 🛑 SL: 4049.43
[2025-10-15T20:03:00.833Z] ✅ SELL opened @ 3989.59 | 🎯 TP: 3889.85 | 🛑 SL: 4049.43
[2025-10-15T20:04:01.046Z] ✅ SELL opened @ 3989.61 | 🎯 TP: 3889.87 | 🛑 SL: 4049.45
[2025-10-15T22:39:33.830Z] ✅ BUY opened @ 3989.61 | 🎯 TP: 4089.35 | 🛑 SL: 3929.77
[2025-10-15T22:40:32.564Z] ✅ BUY opened @ 3976.62 | 🎯 TP: 4076.04 | 🛑 SL: 3916.97
[2025-10-15T22:41:02.914Z] ✅ BUY opened @ 3976.62 | 🎯 TP: 4076.04 | 🛑 SL: 3916.97
[2025-10-16T13:05:40.678Z] ✅ SELL opened @ 4029.238 | 🎯 TP: 3948.65 | 🛑 SL: 4069.53
[2025-10-16T13:06:10.753Z] ✅ SELL opened @ 4029.238 | 🎯 TP: 3948.65 | 🛑 SL: 4069.53
[2025-10-16T17:31:54.330Z] ✅ BUY opened @ 3941.44 | 🎯 TP: 4000.56 | 🛑 SL: 3902.03
[2025-10-16T18:16:41.992Z] ✅ SELL opened @ 3882.87 | 🎯 TP: 3805.21 | 🛑 SL: 3921.70
[2025-10-16T18:17:09.760Z] ✅ SELL opened @ 3882.87 | 🎯 TP: 3805.21 | 🛑 SL: 3921.70
[2025-10-16T18:18:10.661Z] ✅ SELL opened @ 3886.493333333 | 🎯 TP: 3808.76 | 🛑 SL: 3925.36
[2025-10-17T04:50:49.571Z] ✅ SELL opened @ 3917.555 | 🎯 TP: 3839.20 | 🛑 SL: 3956.73
[2025-10-17T04:51:19.446Z] ✅ SELL opened @ 3917.555 | 🎯 TP: 3839.20 | 🛑 SL: 3956.73
[2025-10-17T11:17:03.769Z] ✅ BUY opened @ 3777.78 | 🎯 TP: 3853.34 | 🛑 SL: 3740.00
[2025-10-17T11:17:34.397Z] ✅ BUY opened @ 3791.223333333 | 🎯 TP: 3867.05 | 🛑 SL: 3753.31
[2025-10-17T11:18:11.139Z] ✅ BUY opened @ 3791.223333333 | 🎯 TP: 3867.05 | 🛑 SL: 3753.31
[2025-10-20T18:31:54.212Z] ✅ BUY opened @ 3954.875 | 🎯 TP: 4033.97 | 🛑 SL: 3915.33
[2025-10-20T18:32:23.771Z] ✅ BUY opened @ 3955.913333333 | 🎯 TP: 4035.03 | 🛑 SL: 3916.35
[2025-10-20T18:32:53.117Z] ✅ BUY opened @ 3957.045 | 🎯 TP: 4036.19 | 🛑 SL: 3917.47
[2025-10-20T18:33:23.748Z] ✅ BUY opened @ 3957.045 | 🎯 TP: 4036.19 | 🛑 SL: 3917.47
[2025-10-20T21:50:41.662Z] ✅ SELL opened @ 3957.045 | 🎯 TP: 3877.90 | 🛑 SL: 3996.62
[2025-10-20T21:53:20.512Z] ✅ SELL opened @ 3972.8 | 🎯 TP: 3893.34 | 🛑 SL: 4012.53
[2025-10-20T21:54:21.581Z] ✅ SELL opened @ 3974.646666667 | 🎯 TP: 3895.15 | 🛑 SL: 4014.39
[2025-10-20T21:54:53.085Z] ✅ SELL opened @ 3974.646666667 | 🎯 TP: 3895.15 | 🛑 SL: 4014.39
[2025-10-20T23:03:29.375Z] ✅ BUY opened @ 3974.646666667 | 🎯 TP: 4054.14 | 🛑 SL: 3934.90
[2025-10-20T23:04:26.931Z] ✅ BUY opened @ 3991.6 | 🎯 TP: 4071.43 | 🛑 SL: 3951.68
[2025-10-20T23:04:56.883Z] ✅ BUY opened @ 3991.6 | 🎯 TP: 4071.43 | 🛑 SL: 3951.68
[2025-10-21T00:01:55.315Z] ✅ SELL opened @ 3974.99 | 🎯 TP: 3895.49 | 🛑 SL: 4014.74
[2025-10-21T00:02:25.245Z] ✅ SELL opened @ 3975.115 | 🎯 TP: 3895.61 | 🛑 SL: 4014.87
[2025-10-21T00:02:57.210Z] ✅ SELL opened @ 3975.18 | 🎯 TP: 3895.68 | 🛑 SL: 4014.93
[2025-10-21T00:03:27.285Z] ✅ SELL opened @ 3975.18 | 🎯 TP: 3895.68 | 🛑 SL: 4014.93
[2025-10-21T11:00:52.245Z] ✅ BUY opened @ 3881.217500001 | 🎯 TP: 3958.84 | 🛑 SL: 3842.41
[2025-10-21T11:00:59.542Z] ✅ BUY opened @ 3880.984000001 | 🎯 TP: 3958.60 | 🛑 SL: 3842.17
[2025-10-21T11:01:06.149Z] ✅ BUY opened @ 3880.984000001 | 🎯 TP: 3958.60 | 🛑 SL: 3842.17
[2025-10-21T11:01:22.172Z] ✅ BUY opened @ 3880.984000001 | 🎯 TP: 3958.60 | 🛑 SL: 3842.17
[2025-10-21T11:01:29.259Z] ✅ BUY opened @ 3880.984000001 | 🎯 TP: 3958.60 | 🛑 SL: 3842.17
[2025-10-21T13:32:00.814Z] ✅ SELL opened @ 3880.984000001 | 🎯 TP: 3803.36 | 🛑 SL: 3919.79
[2025-10-21T13:32:30.353Z] ✅ SELL opened @ 3880.984000001 | 🎯 TP: 3803.36 | 🛑 SL: 3919.79
[2025-10-21T13:33:00.178Z] ✅ SELL opened @ 3880.984000001 | 🎯 TP: 3803.36 | 🛑 SL: 3919.79
[2025-10-21T13:33:28.160Z] ✅ SELL opened @ 3880.984000001 | 🎯 TP: 3803.36 | 🛑 SL: 3919.79
[2025-10-21T14:16:58.035Z] ✅ BUY opened @ 3904.901333333 | 🎯 TP: 3983.00 | 🛑 SL: 3865.85
[2025-10-21T14:17:30.554Z] ✅ BUY opened @ 3904.901333333 | 🎯 TP: 3983.00 | 🛑 SL: 3865.85
[2025-10-21T14:18:02.785Z] ✅ BUY opened @ 3911.176 | 🎯 TP: 3989.40 | 🛑 SL: 3872.06
[2025-10-21T14:18:33.962Z] ✅ BUY opened @ 3915.2808 | 🎯 TP: 3993.59 | 🛑 SL: 3876.13
[2025-10-21T20:16:47.184Z] ✅ SELL opened @ 3959.775454545 | 🎯 TP: 3365.81 | 🛑 SL: 3999.37
[2025-10-21T20:17:16.828Z] ✅ SELL opened @ 3957.520526316 | 🎯 TP: 3363.89 | 🛑 SL: 3997.10
[2025-10-21T20:17:46.739Z] ✅ SELL opened @ 3955.273478261 | 🎯 TP: 0.00 | 🛑 SL: 0.00
[2025-10-22T02:01:53.512Z] ✅ BUY opened @ 3865.98 | 🎯 TP: 3923.97 | 🛑 SL: 3827.32
[2025-10-22T02:02:23.564Z] ✅ BUY opened @ 3867.593333333 | 🎯 TP: 3925.61 | 🛑 SL: 3828.92
[2025-10-22T02:02:53.505Z] ✅ BUY opened @ 3867.593333333 | 🎯 TP: 3925.61 | 🛑 SL: 3828.92
[2025-10-22T03:16:54.744Z] ✅ SELL opened @ 3867.593333333 | 🎯 TP: 3809.58 | 🛑 SL: 3906.27
[2025-10-22T03:17:54.804Z] ✅ SELL opened @ 3846.66 | 🎯 TP: 3788.96 | 🛑 SL: 3885.13
[2025-10-22T03:18:24.761Z] ✅ SELL opened @ 3846.66 | 🎯 TP: 3788.96 | 🛑 SL: 3885.13
[2025-10-22T04:31:56.057Z] ✅ BUY opened @ 3864.94 | 🎯 TP: 3922.91 | 🛑 SL: 3826.29
[2025-10-22T04:32:25.967Z] ✅ BUY opened @ 3866.03 | 🎯 TP: 3924.02 | 🛑 SL: 3827.37
[2025-10-22T04:32:56.042Z] ✅ BUY opened @ 3866.03 | 🎯 TP: 3924.02 | 🛑 SL: 3827.37
[2025-10-22T05:47:27.205Z] ✅ SELL opened @ 3845.38 | 🎯 TP: 3787.70 | 🛑 SL: 3883.83
[2025-10-22T05:47:59.404Z] ✅ SELL opened @ 3845.38 | 🎯 TP: 3787.70 | 🛑 SL: 3883.83
[2025-10-22T07:32:02.506Z] ✅ BUY opened @ 3857.77 | 🎯 TP: 3915.64 | 🛑 SL: 3819.19
[2025-10-22T07:32:31.601Z] ✅ BUY opened @ 3857.77 | 🎯 TP: 3915.64 | 🛑 SL: 3819.19
[2025-10-22T07:46:59.562Z] ✅ SELL opened @ 3857.29 | 🎯 TP: 3799.43 | 🛑 SL: 3895.86
[2025-10-22T07:47:29.317Z] ✅ SELL opened @ 3857.29 | 🎯 TP: 3799.43 | 🛑 SL: 3895.86
[2025-10-22T08:17:03.811Z] ✅ BUY opened @ 3857.12 | 🎯 TP: 3914.98 | 🛑 SL: 3818.55
[2025-10-22T08:17:30.005Z] ✅ BUY opened @ 3857.12 | 🎯 TP: 3914.98 | 🛑 SL: 3818.55
[2025-10-22T09:02:00.767Z] ✅ SELL opened @ 3856.46 | 🎯 TP: 3798.61 | 🛑 SL: 3895.02
[2025-10-22T09:02:30.540Z] ✅ SELL opened @ 3856.46 | 🎯 TP: 3798.61 | 🛑 SL: 3895.02
[2025-10-22T12:20:28.111Z] ✅ BUY opened @ 3844.46 | 🎯 TP: 3902.13 | 🛑 SL: 3806.02
[2025-10-22T12:20:57.684Z] ✅ BUY opened @ 3844.46 | 🎯 TP: 3902.13 | 🛑 SL: 3806.02
[2025-10-22T14:25:01.799Z] ✅ SELL opened @ 3807.55 | 🎯 TP: 3750.44 | 🛑 SL: 3845.63
[2025-10-22T14:25:30.488Z] ✅ SELL opened @ 3811.685 | 🎯 TP: 3754.51 | 🛑 SL: 3849.80
[2025-10-22T14:26:00.339Z] ✅ SELL opened @ 3811.685 | 🎯 TP: 3754.51 | 🛑 SL: 3849.80
[2025-10-22T15:47:02.737Z] ✅ BUY opened @ 3842.67 | 🎯 TP: 3900.31 | 🛑 SL: 3804.24
[2025-10-22T16:02:01.607Z] ✅ SELL opened @ 3840.28 | 🎯 TP: 3782.68 | 🛑 SL: 3878.68
[2025-10-22T16:02:31.209Z] ✅ SELL opened @ 3840.28 | 🎯 TP: 3782.68 | 🛑 SL: 3878.68
[2025-10-22T16:18:03.303Z] ✅ BUY opened @ 3839.49 | 🎯 TP: 3897.08 | 🛑 SL: 3801.10
[2025-10-22T16:18:33.054Z] ✅ BUY opened @ 3839.49 | 🎯 TP: 3897.08 | 🛑 SL: 3801.10
[2025-10-22T23:01:51.737Z] ✅ BUY opened @ 3757.27 | 🎯 TP: 3813.63 | 🛑 SL: 3719.70
[2025-10-23T15:12:17.867Z] ✅ BUY opened @ 1123.98 | 🎯 TP: 1146.46 | 🛑 SL: 1112.74
[2025-10-23T15:13:21.543Z] ✅ BUY opened @ 1131.55 | 🎯 TP: 1154.18 | 🛑 SL: 1120.23
[2025-10-24T22:33:43.763Z] ✅ BUY opened @ 2.5067 | 🎯 TP: 2.56 | 🛑 SL: 2.48
[2025-10-25T08:24:06.941Z] ✅ BUY opened @ 2.54865 | 🎯 TP: 2.60 | 🛑 SL: 2.52
[2025-10-25T08:24:07.727Z] ✅ BUY opened @ 2.54865 | 🎯 TP: 2.60 | 🛑 SL: 2.52
[2025-10-25T08:24:36.642Z] ✅ BUY opened @ 2.54865 | 🎯 TP: 2.60 | 🛑 SL: 2.52
[2025-10-25T09:31:37.364Z] ✅ SELL opened @ 2.5389 | 🎯 TP: 2.49 | 🛑 SL: 2.56
[2025-10-25T09:31:39.351Z] ✅ SELL opened @ 2.5389 | 🎯 TP: 2.49 | 🛑 SL: 2.56
[2025-10-25T09:32:07.264Z] ✅ SELL opened @ 2.5389 | 🎯 TP: 2.49 | 🛑 SL: 2.56
[2025-10-25T09:32:08.248Z] ✅ SELL opened @ 2.5389 | 🎯 TP: 2.49 | 🛑 SL: 2.56
[2025-10-25T13:39:53.286Z] ✅ SELL opened @ 3939.1425 | 🎯 TP: 3860.36 | 🛑 SL: 4017.93
[2025-10-25T13:40:01.837Z] ✅ SELL opened @ 3939.1425 | 🎯 TP: 3860.36 | 🛑 SL: 4017.93
[2025-10-25T13:40:08.135Z] ✅ SELL opened @ 3939.1425 | 🎯 TP: 3860.36 | 🛑 SL: 4017.93
[2025-10-25T13:40:23.553Z] ✅ SELL opened @ 3939.1425 | 🎯 TP: 3860.36 | 🛑 SL: 4017.93
[2025-10-25T17:16:37.535Z] ✅ BUY opened @ 3939.1425 | 🎯 TP: 4017.93 | 🛑 SL: 3860.36
[2025-10-25T17:17:08.049Z] ✅ BUY opened @ 3939.1425 | 🎯 TP: 4017.93 | 🛑 SL: 3860.36
[2025-10-25T22:33:06.751Z] ✅ BUY opened @ 3952.49 | 🎯 TP: 4031.54 | 🛑 SL: 3873.44
[2025-10-25T22:34:39.560Z] ✅ BUY opened @ 3951.735000001 | 🎯 TP: 4030.77 | 🛑 SL: 3872.70
[2025-10-25T22:34:43.759Z] ✅ BUY opened @ 3951.735000001 | 🎯 TP: 4030.77 | 🛑 SL: 3872.70
[2025-10-25T22:35:14.873Z] ✅ BUY opened @ 3951.735000001 | 🎯 TP: 4030.77 | 🛑 SL: 3872.70
[2025-10-26T00:04:29.272Z] ✅ SELL opened @ 3951.735000001 | 🎯 TP: 3872.70 | 🛑 SL: 4030.77
[2025-10-26T00:04:36.986Z] ✅ SELL opened @ 3951.735000001 | 🎯 TP: 3872.70 | 🛑 SL: 4030.77
[2025-10-26T00:05:47.331Z] ✅ SELL opened @ 3951.735000001 | 🎯 TP: 3872.70 | 🛑 SL: 4030.77
[2025-10-26T04:16:40.763Z] ✅ BUY opened @ 3936.451666667 | 🎯 TP: 4015.18 | 🛑 SL: 3857.72
[2025-10-26T04:16:49.263Z] ✅ BUY opened @ 3936.451666667 | 🎯 TP: 4015.18 | 🛑 SL: 3857.72
[2025-10-26T11:16:41.443Z] ✅ SELL opened @ 3982.74 | 🎯 TP: 3923.00 | 🛑 SL: 4022.57
[2025-10-26T11:17:33.861Z] ✅ SELL opened @ 3985.926666667 | 🎯 TP: 3926.14 | 🛑 SL: 4025.79
[2025-10-26T11:17:41.451Z] ✅ SELL opened @ 3986.0925 | 🎯 TP: 3926.30 | 🛑 SL: 4025.95
[2025-10-26T11:18:21.330Z] ✅ SELL opened @ 3986.0925 | 🎯 TP: 3926.30 | 🛑 SL: 4025.95
[2025-10-26T18:02:06.913Z] ✅ BUY opened @ 4062.4775 | 🎯 TP: 4123.41 | 🛑 SL: 4034.04
[2025-10-26T18:03:04.559Z] ✅ BUY opened @ 4062.4775 | 🎯 TP: 4123.41 | 🛑 SL: 4034.04
[2025-10-26T20:01:44.453Z] ✅ SELL opened @ 4064.625 | 🎯 TP: 4003.66 | 🛑 SL: 4093.08
[2025-10-26T20:02:14.085Z] ✅ SELL opened @ 4064.625 | 🎯 TP: 4003.66 | 🛑 SL: 4093.08
[2025-10-26T20:02:45.367Z] ✅ SELL opened @ 4064.465 | 🎯 TP: 4003.50 | 🛑 SL: 4092.92
[2025-10-26T20:03:14.281Z] ✅ SELL opened @ 4064.465 | 🎯 TP: 4003.50 | 🛑 SL: 4092.92
[2025-10-27T22:53:41.136Z] ✅ BUY opened @ 4128.81 | 🎯 TP: 4190.74 | 🛑 SL: 4099.91
[2025-10-27T23:32:49.878Z] ✅ SELL opened @ 4114.49 | 🎯 TP: 4052.77 | 🛑 SL: 4143.29
[2025-10-27T23:34:01.906Z] ✅ SELL opened @ 4115.555 | 🎯 TP: 4053.82 | 🛑 SL: 4144.36
[2025-10-28T00:32:17.659Z] ✅ BUY opened @ 4115.555 | 🎯 TP: 4177.29 | 🛑 SL: 4086.75
[2025-10-28T02:47:38.520Z] ✅ SELL opened @ 4111.26 | 🎯 TP: 4049.59 | 🛑 SL: 4140.04
[2025-10-28T02:48:55.523Z] ✅ SELL opened @ 4109.325 | 🎯 TP: 4047.69 | 🛑 SL: 4138.09
[2025-10-28T04:47:49.418Z] ✅ BUY opened @ 4109.325 | 🎯 TP: 4170.96 | 🛑 SL: 4080.56
[2025-10-28T05:34:31.533Z] ✅ SELL opened @ 4088.46 | 🎯 TP: 4027.13 | 🛑 SL: 4117.08
[2025-10-28T07:03:32.455Z] ✅ BUY opened @ 4114.85 | 🎯 TP: 4176.57 | 🛑 SL: 4086.05
[2025-10-28T07:04:00.781Z] ✅ BUY opened @ 4114.85 | 🎯 TP: 4176.57 | 🛑 SL: 4086.05
[2025-10-28T07:05:43.740Z] ✅ BUY opened @ 4116.25 | 🎯 TP: 4177.99 | 🛑 SL: 4087.44
[2025-10-28T09:32:31.755Z] ✅ SELL opened @ 4116.25 | 🎯 TP: 4054.51 | 🛑 SL: 4145.06
[2025-10-28T11:17:13.358Z] ✅ BUY opened @ 4116.52 | 🎯 TP: 4178.27 | 🛑 SL: 4087.70
[2025-10-28T11:18:23.492Z] ✅ BUY opened @ 4117.25 | 🎯 TP: 4179.01 | 🛑 SL: 4088.43
[2025-10-28T11:49:58.237Z] ✅ SELL opened @ 4117.25 | 🎯 TP: 4055.49 | 🛑 SL: 4146.07
[2025-10-28T13:11:22.436Z] ✅ BUY opened @ 4130.51 | 🎯 TP: 4192.47 | 🛑 SL: 4101.60
[2025-10-28T13:13:19.016Z] ✅ BUY opened @ 4129.22 | 🎯 TP: 4191.16 | 🛑 SL: 4100.32
[2025-10-29T14:02:39.508Z] ✅ SELL opened @ 3986.09 | 🎯 TP: 3926.30 | 🛑 SL: 4013.99
[2025-10-29T14:03:48.960Z] ✅ SELL opened @ 3982.376666667 | 🎯 TP: 3922.64 | 🛑 SL: 4010.25
[2025-10-29T20:47:20.708Z] ✅ BUY opened @ 3934.14 | 🎯 TP: 3993.15 | 🛑 SL: 3906.60
[2025-10-29T20:48:32.987Z] ✅ BUY opened @ 3934.695 | 🎯 TP: 3993.72 | 🛑 SL: 3907.15
[2025-10-29T23:02:57.020Z] ✅ SELL opened @ 3934.695 | 🎯 TP: 3875.67 | 🛑 SL: 3962.24
[2025-10-30T01:02:50.114Z] ✅ BUY opened @ 3916.44 | 🎯 TP: 3975.19 | 🛑 SL: 3889.02
[2025-10-30T01:03:59.481Z] ✅ BUY opened @ 3912.88 | 🎯 TP: 3971.57 | 🛑 SL: 3885.49
[2025-10-30T01:05:09.511Z] ✅ BUY opened @ 3910.423333333 | 🎯 TP: 3969.08 | 🛑 SL: 3883.05
[2025-10-30T04:03:41.383Z] ✅ SELL opened @ 3910.423333333 | 🎯 TP: 3851.77 | 🛑 SL: 3937.80
[2025-10-30T04:04:56.491Z] ✅ SELL opened @ 3910.423333333 | 🎯 TP: 3851.77 | 🛑 SL: 3937.80
[2025-10-30T06:02:42.080Z] ✅ BUY opened @ 3916.41 | 🎯 TP: 3975.16 | 🛑 SL: 3889.00
[2025-10-30T06:03:51.806Z] ✅ BUY opened @ 3915.115 | 🎯 TP: 3973.84 | 🛑 SL: 3887.71
[2025-10-30T06:05:02.385Z] ✅ BUY opened @ 3915.276666667 | 🎯 TP: 3974.01 | 🛑 SL: 3887.87
[2025-10-30T09:02:45.758Z] ✅ SELL opened @ 3915.276666667 | 🎯 TP: 3856.55 | 🛑 SL: 3942.68
[2025-10-30T09:03:53.194Z] ✅ SELL opened @ 3915.73 | 🎯 TP: 3856.99 | 🛑 SL: 3943.14
[2025-10-30T09:05:05.898Z] ✅ SELL opened @ 3915.796666667 | 🎯 TP: 3857.06 | 🛑 SL: 3943.21
[2025-10-30T15:33:14.389Z] ✅ BUY opened @ 3778.24 | 🎯 TP: 3834.91 | 🛑 SL: 3751.79
[2025-10-30T15:34:22.489Z] ✅ BUY opened @ 3777.22 | 🎯 TP: 3833.88 | 🛑 SL: 3750.78
[2025-10-30T15:35:35.063Z] ✅ BUY opened @ 3777.563333333 | 🎯 TP: 3834.23 | 🛑 SL: 3751.12
[2025-10-30T21:07:26.756Z] ✅ BUY opened @ 3747.808571429 | 🎯 TP: 3804.03 | 🛑 SL: 3721.57
[2025-10-30T21:08:36.108Z] ✅ BUY opened @ 3749.63 | 🎯 TP: 3805.87 | 🛑 SL: 3723.38
[2025-10-30T21:09:50.897Z] ✅ BUY opened @ 3751.263846154 | 🎯 TP: 3807.53 | 🛑 SL: 3725.00
[2025-10-31T08:48:45.777Z] ✅ BUY opened @ 3840.95 | 🎯 TP: 3898.56 | 🛑 SL: 3814.06
[2025-10-31T08:49:57.950Z] ✅ BUY opened @ 3841.945 | 🎯 TP: 3899.57 | 🛑 SL: 3815.05
[2025-10-31T08:51:09.684Z] ✅ BUY opened @ 3841.95 | 🎯 TP: 3899.58 | 🛑 SL: 3815.06
[2025-10-31T10:57:41.270Z] ✅ SELL opened @ 3841.95 | 🎯 TP: 3784.32 | 🛑 SL: 3868.84
[2025-10-31T10:58:48.949Z] ✅ SELL opened @ 3841.95 | 🎯 TP: 3784.32 | 🛑 SL: 3868.84
[2025-10-31T10:59:58.656Z] ✅ SELL opened @ 3833.76 | 🎯 TP: 3776.25 | 🛑 SL: 3860.60
[2025-10-31T13:34:10.990Z] ✅ SELL opened @ 3842.224285714 | 🎯 TP: 3784.59 | 🛑 SL: 3869.12
[2025-10-31T13:35:29.558Z] ✅ SELL opened @ 3843.474 | 🎯 TP: 3785.82 | 🛑 SL: 3870.38
[2025-10-31T13:36:26.355Z] ✅ SELL opened @ 3844.703076923 | 🎯 TP: 3787.03 | 🛑 SL: 3871.62
[2025-10-31T14:48:48.676Z] ✅ BUY opened @ 3847.16 | 🎯 TP: 3904.87 | 🛑 SL: 3820.23
[2025-10-31T14:50:02.105Z] ✅ BUY opened @ 3846.345 | 🎯 TP: 3904.04 | 🛑 SL: 3819.42
[2025-10-31T14:51:08.881Z] ✅ BUY opened @ 3846.296666667 | 🎯 TP: 3903.99 | 🛑 SL: 3819.37
[2025-10-31T16:20:57.122Z] ✅ SELL opened @ 3846.296666667 | 🎯 TP: 3788.60 | 🛑 SL: 3873.22
[2025-10-31T16:22:07.417Z] ✅ SELL opened @ 3846.296666667 | 🎯 TP: 3788.60 | 🛑 SL: 3873.22
[2025-10-31T18:47:58.487Z] ✅ BUY opened @ 3852.96 | 🎯 TP: 3910.75 | 🛑 SL: 3825.99
[2025-10-31T18:49:08.514Z] ✅ BUY opened @ 3852.075 | 🎯 TP: 3909.86 | 🛑 SL: 3825.11
[2025-10-31T18:50:20.436Z] ✅ BUY opened @ 3851.083333333 | 🎯 TP: 3908.85 | 🛑 SL: 3824.13
[2025-10-31T23:32:40.540Z] ✅ SELL opened @ 3851.083333333 | 🎯 TP: 3793.32 | 🛑 SL: 3878.04
[2025-10-31T23:33:50.120Z] ✅ SELL opened @ 3851.083333333 | 🎯 TP: 3793.32 | 🛑 SL: 3878.04
[2025-11-01T01:32:48.888Z] ✅ BUY opened @ 3855.49 | 🎯 TP: 3913.32 | 🛑 SL: 3828.50
[2025-11-01T01:33:58.758Z] ✅ BUY opened @ 3856.14 | 🎯 TP: 3913.98 | 🛑 SL: 3829.15
[2025-11-01T01:35:08.375Z] ✅ BUY opened @ 3854.633333333 | 🎯 TP: 3912.45 | 🛑 SL: 3827.65
[2025-11-01T10:55:03.557Z] ✅ BUY opened @ 3877.14 | 🎯 TP: 3935.30 | 🛑 SL: 3850.00
[2025-11-01T12:17:54.332Z] ✅ SELL opened @ 3876.93 | 🎯 TP: 3818.78 | 🛑 SL: 3904.07
[2025-11-04T03:21:49.140Z] ✅ SELL opened @ 3636.71 | 🎯 TP: 3582.16 | 🛑 SL: 3662.17
[2025-11-04T03:22:58.823Z] ✅ SELL opened @ 3638.22 | 🎯 TP: 3583.65 | 🛑 SL: 3663.69
[2025-11-04T22:33:41.919Z] ❌ TP/SL error: Request failed with status code 400
[2025-11-04T22:33:41.951Z] ✅ BUY opened @ 3491.57 | 🎯 TP: 0.00 | 🛑 SL: 0.00
[2025-11-04T22:35:07.115Z] ❌ TP/SL error: Request failed with status code 400
[2025-11-04T22:35:07.116Z] ✅ BUY opened @ 3273.52 | 🎯 TP: 0.00 | 🛑 SL: 0.00
[2025-11-04T22:35:54.217Z] ❌ TP/SL error: Request failed with status code 400
[2025-11-04T22:35:54.218Z] ✅ BUY opened @ 3283.92 | 🎯 TP: 0.00 | 🛑 SL: 0.00
[2025-11-05T00:49:02.393Z] ❌ TP/SL error: Request failed with status code 400
